23:14:05 **** Incremental Build of configuration Debug for project HCSR04_Test ****
make -j4 all 
arm-none-eabi-gcc "../Core/Src/main.c" -mcpu=cortex-m4 -std=gnu11 -g3 -DDEBUG -DUSE_HAL_DRIVER -DSTM32F401xE -c -I../Core/Inc -I../Drivers/STM32F4xx_HAL_Driver/Inc -I../Drivers/STM32F4xx_HAL_Driver/Inc/Legacy -I../Drivers/CMSIS/Device/ST/STM32F4xx/Include -I../Drivers/CMSIS/Include -O0 -ffunction-sections -fdata-sections -Wall -fstack-usage -fcyclomatic-complexity -MMD -MP -MF"Core/Src/main.d" -MT"Core/Src/main.o" --specs=nano.specs -mfpu=fpv4-sp-d16 -mfloat-abi=hard -mthumb -o "Core/Src/main.o"
../Core/Src/main.c: In function 'main':
../Core/Src/main.c:129:38: warning: passing argument 2 of 'HAL_UART_Transmit' from incompatible pointer type [-Wincompatible-pointer-types]
  129 |           HAL_UART_Transmit(&huart2, txd_msg_buffer, strlen((char*)txd_msg_buffer), 100);
      |                                      ^~~~~~~~~~~~~~
      |                                      |
      |                                      uint16_t * {aka short unsigned int *}
In file included from ../Core/Inc/stm32f4xx_hal_conf.h:411,
                 from ../Drivers/STM32F4xx_HAL_Driver/Inc/stm32f4xx_hal.h:29,
                 from ../Core/Inc/main.h:30,
                 from ../Core/Src/main.c:20:
../Drivers/STM32F4xx_HAL_Driver/Inc/stm32f4xx_hal_uart.h:745:79: note: expected 'const uint8_t *' {aka 'const unsigned char *'} but argument is of type 'uint16_t *' {aka 'short unsigned int *'}
  745 | HAL_StatusTypeDef HAL_UART_Transmit(UART_HandleTypeDef *huart, const uint8_t *pData, uint16_t Size, uint32_t Timeout);
      |                                                                ~~~~~~~~~~~~~~~^~~~~
../Core/Src/main.c:141:38: warning: passing argument 2 of 'HAL_UART_Transmit' from incompatible pointer type [-Wincompatible-pointer-types]
  141 |           HAL_UART_Transmit(&huart2, txd_msg_buffer, strlen((char*)txd_msg_buffer), 100);
      |                                      ^~~~~~~~~~~~~~
      |                                      |
      |                                      uint16_t * {aka short unsigned int *}
../Drivers/STM32F4xx_HAL_Driver/Inc/stm32f4xx_hal_uart.h:745:79: note: expected 'const uint8_t *' {aka 'const unsigned char *'} but argument is of type 'uint16_t *' {aka 'short unsigned int *'}
  745 | HAL_StatusTypeDef HAL_UART_Transmit(UART_HandleTypeDef *huart, const uint8_t *pData, uint16_t Size, uint32_t Timeout);
      |                                                                ~~~~~~~~~~~~~~~^~~~~
../Core/Src/main.c:147:38: warning: passing argument 2 of 'HAL_UART_Transmit' from incompatible pointer type [-Wincompatible-pointer-types]
  147 |           HAL_UART_Transmit(&huart2, txd_msg_buffer, strlen((char*)txd_msg_buffer), 100);
      |                                      ^~~~~~~~~~~~~~
      |                                      |
      |                                      uint16_t * {aka short unsigned int *}
../Drivers/STM32F4xx_HAL_Driver/Inc/stm32f4xx_hal_uart.h:745:79: note: expected 'const uint8_t *' {aka 'const unsigned char *'} but argument is of type 'uint16_t *' {aka 'short unsigned int *'}
  745 | HAL_StatusTypeDef HAL_UART_Transmit(UART_HandleTypeDef *huart, const uint8_t *pData, uint16_t Size, uint32_t Timeout);
      |                                                                ~~~~~~~~~~~~~~~^~~~~
../Core/Src/main.c: In function 'HAL_TIM_IC_CaptureCallback':
../Core/Src/main.c:341:36: warning: passing argument 2 of 'HAL_UART_Transmit' from incompatible pointer type [-Wincompatible-pointer-types]
  341 |         HAL_UART_Transmit(&huart2, txd_msg_buffer, strlen((char*)txd_msg_buffer), 100);
      |                                    ^~~~~~~~~~~~~~
      |                                    |
      |                                    uint16_t * {aka short unsigned int *}
../Drivers/STM32F4xx_HAL_Driver/Inc/stm32f4xx_hal_uart.h:745:79: note: expected 'const uint8_t *' {aka 'const unsigned char *'} but argument is of type 'uint16_t *' {aka 'short unsigned int *'}
  745 | HAL_StatusTypeDef HAL_UART_Transmit(UART_HandleTypeDef *huart, const uint8_t *pData, uint16_t Size, uint32_t Timeout);
      |                                                                ~~~~~~~~~~~~~~~^~~~~
arm-none-eabi-gcc -o "HCSR04_Test.elf" @"objects.list"   -mcpu=cortex-m4 -T"N:\ECE-298\STM32_WORKSPACE\HCSR04_Test\STM32F401RETX_FLASH.ld" --specs=nosys.specs -Wl,-Map="HCSR04_Test.map" -Wl,--gc-sections -static --specs=nano.specs -mfpu=fpv4-sp-d16 -mfloat-abi=hard -mthumb -Wl,--start-group -lc -lm -Wl,--end-group
Finished building target: HCSR04_Test.elf
 
arm-none-eabi-size  HCSR04_Test.elf 
arm-none-eabi-objdump -h -S HCSR04_Test.elf  > "HCSR04_Test.list"
   text	   data	    bss	    dec	    hex	filename
  16152	     92	   2052	  18296	   4778	HCSR04_Test.elf
Finished building: default.size.stdout
 
Finished building: HCSR04_Test.list
 
23:14:11 **** Incremental Build of configuration Debug for project HCSR04_Test ****
make -j4 all 
arm-none-eabi-size  HCSR04_Test.elf 
   text	   data	    bss	    dec	    hex	filename
  16152	     92	   2052	  18296	   4778	HCSR04_Test.elf
Finished building: default.size.stdout
 
23:14:26 **** Incremental Build of configuration Debug for project HCSR04_Test ****
make -j4 all 
arm-none-eabi-size  HCSR04_Test.elf 
   text	   data	    bss	    dec	    hex	filename
  16152	     92	   2052	  18296	   4778	HCSR04_Test.elf
Finished building: default.size.stdout
 
23:16:17 **** Incremental Build of configuration Debug for project HCSR04_Test ****
make -j4 all 
arm-none-eabi-size  HCSR04_Test.elf 
   text	   data	    bss	    dec	    hex	filename
  16152	     92	   2052	  18296	   4778	HCSR04_Test.elf
Finished building: default.size.stdout
 
